Pushing steps:
--------------

1. Initialization
2. Cloning
3. Change the directory
4. Configuration
5. Create files
method : Create file
	   use echo keyword
	   use touch keyword

Viewing : Cat keyword

Adding content: Nano Keyword



 
Save
6. Adding files
7. comminting changes
pushing in to github






 git init
Reinitialized existing Git repository in C:/Users/Om Computers/OneDrive/Desktop/.git/

Datamites@DESKTOP-2V7N1IN MINGW64 ~/OneDrive/Desktop (new_file)
$ git clone https://github.com/trupti-04oct/my-repo.git
Cloning into 'my-repo'...
warning: You appear to have cloned an empty repository.

Datamites@DESKTOP-2V7N1IN MINGW64 ~/OneDrive/Desktop (new_file)
$ cd my-repo

Datamites@DESKTOP-2V7N1IN MINGW64 ~/OneDrive/Desktop/my-repo (main)
$ git config --global user.name "trupti-04oct"

Datamites@DESKTOP-2V7N1IN MINGW64 ~/OneDrive/Desktop/my-repo (main)
$ git config --global user.email "trupti.irakal@skillfloor.com"

Datamites@DESKTOP-2V7N1IN MINGW64 ~/OneDrive/Desktop/my-repo (main)
$ python --version
Python 3.13.5

Datamites@DESKTOP-2V7N1IN MINGW64 ~/OneDrive/Desktop/my-repo (main)
$ echo <"hello Github"> hello.txt
bash: hello Github: No such file or directory

Datamites@DESKTOP-2V7N1IN MINGW64 ~/OneDrive/Desktop/my-repo (main)
$


Datamites@DESKTOP-2V7N1IN MINGW64 ~/OneDrive/Desktop/my-repo (main)
$


Datamites@DESKTOP-2V7N1IN MINGW64 ~/OneDrive/Desktop/my-repo (main)
$

Datamites@DESKTOP-2V7N1IN MINGW64 ~/OneDrive/Desktop/my-repo (main)
$

Datamites@DESKTOP-2V7N1IN MINGW64 ~/OneDrive/Desktop/my-repo (main)
$ cat Hey.txt
I am learning Git Hub and
Git commands
git git

Datamites@DESKTOP-2V7N1IN MINGW64 ~/OneDrive/Desktop/my-repo (main)
$ nano Hey.txt

Datamites@DESKTOP-2V7N1IN MINGW64 ~/OneDrive/Desktop/my-repo (main)
$ cat Hey.txt
I am learning Git Hub and
Git commands
git git
jhgsjgydsyadguydgasuydgaiduikiiuytuyt

Datamites@DESKTOP-2V7N1IN MINGW64 ~/OneDrive/Desktop/my-repo (main)
$ git status
On branch main

No commits yet

Untracked files:
  (use "git add <file>..." to include in what will be committed)
        Hello.txt
        Hey.txt

nothing added to commit but untracked files present (use "git add" to track)

Datamites@DESKTOP-2V7N1IN MINGW64 ~/OneDrive/Desktop/my-repo (main)
$ git add Hello.txt
warning: in the working copy of 'Hello.txt', LF will be replaced by CRLF the next time Git touch
es it

Datamites@DESKTOP-2V7N1IN MINGW64 ~/OneDrive/Desktop/my-repo (main)
$ git add Hey.txt
warning: in the working copy of 'Hey.txt', LF will be replaced by CRLF the next time Git touches
 it

Datamites@DESKTOP-2V7N1IN MINGW64 ~/OneDrive/Desktop/my-repo (main)
$ git status
On branch main

No commits yet

Changes to be committed:
  (use "git rm --cached <file>..." to unstage)
        new file:   Hello.txt
        new file:   Hey.txt


Datamites@DESKTOP-2V7N1IN MINGW64 ~/OneDrive/Desktop/my-repo (main)
$ git commit -m "Added files"
[main (root-commit) 25a8661] Added files
 2 files changed, 5 insertions(+)
 create mode 100644 Hello.txt
 create mode 100644 Hey.txt

Datamites@DESKTOP-2V7N1IN MINGW64 ~/OneDrive/Desktop/my-repo (main)
$ git push origin main
Enumerating objects: 4, done.
Counting objects: 100% (4/4), done.
Delta compression using up to 4 threads
Compressing objects: 100% (3/3), done.
Writing objects: 100% (4/4), 338 bytes | 169.00 KiB/s, done.
Total 4 (delta 0), reused 0 (delta 0), pack-reused 0 (from 0)
To https://github.com/trupti-04oct/my-repo.git
 * [new branch]      main -> main

